// Jest Snapshot v1, https://goo.gl/fbAQLP

exports[`<LobbyPage /> renders lobby page 1`] = `
<div
  className="lobbyParent"
>
  <div
    className="headerContainer"
  >
    <div
      className="barContainer"
    >
      <div
        className="bar"
      >
        <button
          className="MuiButtonBase-root MuiIconButton-root logoButton"
          disabled={false}
          onBlur={[Function]}
          onClick={[Function]}
          onDragLeave={[Function]}
          onFocus={[Function]}
          onKeyDown={[Function]}
          onKeyUp={[Function]}
          onMouseDown={[Function]}
          onMouseLeave={[Function]}
          onMouseUp={[Function]}
          onTouchEnd={[Function]}
          onTouchMove={[Function]}
          onTouchStart={[Function]}
          tabIndex={0}
          type="button"
        >
          <span
            className="MuiIconButton-label"
          >
            <svg
              height="100%"
              viewBox="0 0 450 450"
              width="100%"
            >
              <path
                d="M340.681 135.739c-13.152-26.976-35.744-42.112-57.568-56.736-16.288-10.912-31.68-21.216-42.56-35.936l-1.952-2.624c-6.432-8.64-13.696-18.432-14.848-26.656-1.152-8.32-8.704-14.24-16.96-13.76a15.957 15.957 0 00-14.88 15.936v285.12c-13.408-8.128-29.92-13.12-48-13.12-44.096 0-80 28.704-80 64s35.904 64 80 64 80-28.704 80-64V72.955c12.544 13.312 27.136 23.104 41.376 32.64 19.168 12.832 37.28 24.96 46.656 44.192 5.888 12 8.704 25.088 8 36.736-1.76 28.512-12.512 57.184-28.032 74.88-5.856 6.624-5.216 16.736 1.44 22.56 6.592 5.888 16.704 5.184 22.56-1.44 20.032-22.752 33.824-58.784 35.968-94.016 1.055-17.376-2.816-35.616-11.2-52.768z"
              />
            </svg>
          </span>
        </button>
        <p
          className="barTitle"
        >
          LOBBIES
        </p>
        <div
          className="user"
        >
          <p
            className="userName"
          />
        </div>
      </div>
    </div>
  </div>
  <div />
  <div
    className="searchContainer"
  >
    <button
      className="MuiButtonBase-root MuiButton-root MuiButton-text addButton"
      disabled={false}
      onBlur={[Function]}
      onClick={[Function]}
      onDragLeave={[Function]}
      onFocus={[Function]}
      onKeyDown={[Function]}
      onKeyUp={[Function]}
      onMouseDown={[Function]}
      onMouseLeave={[Function]}
      onMouseUp={[Function]}
      onTouchEnd={[Function]}
      onTouchMove={[Function]}
      onTouchStart={[Function]}
      tabIndex={0}
      type="button"
    >
      <span
        className="MuiButton-label"
      >
        Add Lobby
      </span>
    </button>
    <div
      className="MuiFormControl-root MuiTextField-root makeStyles-root-43 searchField"
      height={20}
    >
      <label
        className="MuiFormLabel-root MuiInputLabel-root MuiInputLabel-formControl MuiInputLabel-animated MuiInputLabel-outlined"
        data-shrink={false}
      >
        Search
      </label>
      <div
        className="MuiInputBase-root MuiOutlinedInput-root MuiInputBase-formControl"
        onClick={[Function]}
      >
        <input
          aria-invalid={false}
          autoFocus={false}
          className="MuiInputBase-input MuiOutlinedInput-input SearchField-input2-42"
          disabled={false}
          onAnimationStart={[Function]}
          onBlur={[Function]}
          onChange={[Function]}
          onFocus={[Function]}
          required={false}
          type="text"
        />
        <fieldset
          aria-hidden={true}
          className="PrivateNotchedOutline-root-102 MuiOutlinedInput-notchedOutline"
        >
          <legend
            className="PrivateNotchedOutline-legendLabelled-104"
          >
            <span>
              Search
            </span>
          </legend>
        </fieldset>
      </div>
    </div>
  </div>
  <div
    className="lobbyContainer"
  >
    <p>
      No Lobbies :(
    </p>
  </div>
</div>
`;

exports[`<LobbyPage /> renders lobby tile 1`] = `
<div
  className="lobbyContainer"
>
  <div />
  <div />
  <svg
    aria-hidden="true"
    className="MuiSvgIcon-root deleteIcon"
    focusable="false"
    onClick={[Function]}
    role="presentation"
    viewBox="0 0 24 24"
  >
    <path
      d="M19 6.41L17.59 5 12 10.59 6.41 5 5 6.41 10.59 12 5 17.59 6.41 19 12 13.41 17.59 19 19 17.59 13.41 12z"
    />
  </svg>
  <div
    className="lobbyTile"
    onClick={[Function]}
  >
    <div
      className="background"
    >
      <svg
        aria-hidden="true"
        className="MuiSvgIcon-root lockedIcon"
        focusable="false"
        preserveAspectRatio="none"
        role="presentation"
        viewBox="0 0 24 24"
      >
        <path
          d="M18 8h-1V6c0-2.76-2.24-5-5-5S7 3.24 7 6v2H6c-1.1 0-2 .9-2 2v10c0 1.1.9 2 2 2h12c1.1 0 2-.9 2-2V10c0-1.1-.9-2-2-2zM9 6c0-1.66 1.34-3 3-3s3 1.34 3 3v2H9V6zm9 14H6V10h12v10zm-6-3c1.1 0 2-.9 2-2s-.9-2-2-2-2 .9-2 2 .9 2 2 2z"
        />
      </svg>
    </div>
    <div
      className="bottomSection"
    >
      <p
        className="lobbyName"
      />
    </div>
  </div>
</div>
`;
